-- The C compiler identification is GNU 11.4.0
-- The CXX compiler identification is GNU 11.4.0
-- Detecting C compiler ABI info
-- Detecting C compiler ABI info - done
-- Check for working C compiler: /usr/bin/cc - skipped
-- Detecting C compile features
-- Detecting C compile features - done
-- Detecting CXX compiler ABI info
-- Detecting CXX compiler ABI info - done
-- Check for working CXX compiler: /usr/bin/c++ - skipped
-- Detecting CXX compile features
-- Detecting CXX compile features - done
-- Found ament_cmake: 1.3.14 (/opt/ros/humble/share/ament_cmake/cmake)
-- Found Python3: /usr/bin/python3 (found version "3.10.12") found components: Interpreter 
-- Override CMake install command with custom implementation using symlinks instead of copying resources
-- Configuring done
-- Generating done
-- Build files have been written to: /home/pa29/bipedal_project/build/bipedal_description
-- Install configuration: ""
-- Execute custom install script
-- Symlinking: /home/pa29/bipedal_project/install/bipedal_description/share/bipedal_description/urdf/bipedal_urdf.xacro
-- Symlinking: /home/pa29/bipedal_project/install/bipedal_description/share/bipedal_description/launch/display.launch.py
-- Symlinking: /home/pa29/bipedal_project/install/bipedal_description/share/bipedal_description/launch/rsp.launch.py
-- Symlinking: /home/pa29/bipedal_project/install/bipedal_description/share/ament_index/resource_index/package_run_dependencies/bipedal_description
-- Symlinking: /home/pa29/bipedal_project/install/bipedal_description/share/ament_index/resource_index/parent_prefix_path/bipedal_description
-- Symlinking: /home/pa29/bipedal_project/install/bipedal_description/share/bipedal_description/environment/ament_prefix_path.sh
-- Symlinking: /home/pa29/bipedal_project/install/bipedal_description/share/bipedal_description/environment/ament_prefix_path.dsv
-- Symlinking: /home/pa29/bipedal_project/install/bipedal_description/share/bipedal_description/environment/path.sh
-- Symlinking: /home/pa29/bipedal_project/install/bipedal_description/share/bipedal_description/environment/path.dsv
-- Symlinking: /home/pa29/bipedal_project/install/bipedal_description/share/bipedal_description/local_setup.bash
-- Symlinking: /home/pa29/bipedal_project/install/bipedal_description/share/bipedal_description/local_setup.sh
-- Symlinking: /home/pa29/bipedal_project/install/bipedal_description/share/bipedal_description/local_setup.zsh
-- Symlinking: /home/pa29/bipedal_project/install/bipedal_description/share/bipedal_description/local_setup.dsv
-- Symlinking: /home/pa29/bipedal_project/install/bipedal_description/share/bipedal_description/package.dsv
-- Symlinking: /home/pa29/bipedal_project/install/bipedal_description/share/ament_index/resource_index/packages/bipedal_description
-- Symlinking: /home/pa29/bipedal_project/install/bipedal_description/share/bipedal_description/cmake/bipedal_descriptionConfig.cmake
-- Symlinking: /home/pa29/bipedal_project/install/bipedal_description/share/bipedal_description/cmake/bipedal_descriptionConfig-version.cmake
-- Symlinking: /home/pa29/bipedal_project/install/bipedal_description/share/bipedal_description/package.xml
