[0.006s] Invoking command in '/home/pa29/bipedal_project/build/bipedal_description': CMAKE_PREFIX_PATH=${CMAKE_PREFIX_PATH}:/home/pa29/turtlebot3_ws/install/turtlebot3_teleop:/home/pa29/turtlebot3_ws/install/turtlebot3_example:/opt/ros/humble /usr/bin/cmake /home/pa29/bipedal_project/src/bipedal/bipedal_description -DAMENT_CMAKE_SYMLINK_INSTALL=1 -DCMAKE_INSTALL_PREFIX=/home/pa29/bipedal_project/install/bipedal_description
[0.076s] -- The C compiler identification is GNU 11.4.0
[0.125s] -- The CXX compiler identification is GNU 11.4.0
[0.131s] -- Detecting C compiler ABI info
[0.179s] -- Detecting C compiler ABI info - done
[0.183s] -- Check for working C compiler: /usr/bin/cc - skipped
[0.183s] -- Detecting C compile features
[0.183s] -- Detecting C compile features - done
[0.185s] -- Detecting CXX compiler ABI info
[0.238s] -- Detecting CXX compiler ABI info - done
[0.241s] -- Check for working CXX compiler: /usr/bin/c++ - skipped
[0.241s] -- Detecting CXX compile features
[0.241s] -- Detecting CXX compile features - done
[0.244s] -- Found ament_cmake: 1.3.14 (/opt/ros/humble/share/ament_cmake/cmake)
[0.334s] -- Found Python3: /usr/bin/python3 (found version "3.10.12") found components: Interpreter 
[0.367s] -- Override CMake install command with custom implementation using symlinks instead of copying resources
[0.426s] -- Configuring done
[0.427s] -- Generating done
[0.428s] -- Build files have been written to: /home/pa29/bipedal_project/build/bipedal_description
[0.432s] Invoked command in '/home/pa29/bipedal_project/build/bipedal_description' returned '0': CMAKE_PREFIX_PATH=${CMAKE_PREFIX_PATH}:/home/pa29/turtlebot3_ws/install/turtlebot3_teleop:/home/pa29/turtlebot3_ws/install/turtlebot3_example:/opt/ros/humble /usr/bin/cmake /home/pa29/bipedal_project/src/bipedal/bipedal_description -DAMENT_CMAKE_SYMLINK_INSTALL=1 -DCMAKE_INSTALL_PREFIX=/home/pa29/bipedal_project/install/bipedal_description
[0.433s] Invoking command in '/home/pa29/bipedal_project/build/bipedal_description': CMAKE_PREFIX_PATH=${CMAKE_PREFIX_PATH}:/home/pa29/turtlebot3_ws/install/turtlebot3_teleop:/home/pa29/turtlebot3_ws/install/turtlebot3_example:/opt/ros/humble /usr/bin/cmake --build /home/pa29/bipedal_project/build/bipedal_description -- -j24 -l24
[0.455s] Invoked command in '/home/pa29/bipedal_project/build/bipedal_description' returned '0': CMAKE_PREFIX_PATH=${CMAKE_PREFIX_PATH}:/home/pa29/turtlebot3_ws/install/turtlebot3_teleop:/home/pa29/turtlebot3_ws/install/turtlebot3_example:/opt/ros/humble /usr/bin/cmake --build /home/pa29/bipedal_project/build/bipedal_description -- -j24 -l24
[0.459s] Invoking command in '/home/pa29/bipedal_project/build/bipedal_description': CMAKE_PREFIX_PATH=${CMAKE_PREFIX_PATH}:/home/pa29/turtlebot3_ws/install/turtlebot3_teleop:/home/pa29/turtlebot3_ws/install/turtlebot3_example:/opt/ros/humble /usr/bin/cmake --install /home/pa29/bipedal_project/build/bipedal_description
[0.463s] -- Install configuration: ""
[0.464s] -- Execute custom install script
[0.464s] -- Symlinking: /home/pa29/bipedal_project/install/bipedal_description/share/bipedal_description/urdf/bipedal_urdf.xacro
[0.468s] -- Symlinking: /home/pa29/bipedal_project/install/bipedal_description/share/bipedal_description/launch/display.launch.py
[0.472s] -- Symlinking: /home/pa29/bipedal_project/install/bipedal_description/share/bipedal_description/launch/rsp.launch.py
[0.476s] -- Symlinking: /home/pa29/bipedal_project/install/bipedal_description/share/ament_index/resource_index/package_run_dependencies/bipedal_description
[0.480s] -- Symlinking: /home/pa29/bipedal_project/install/bipedal_description/share/ament_index/resource_index/parent_prefix_path/bipedal_description
[0.485s] -- Symlinking: /home/pa29/bipedal_project/install/bipedal_description/share/bipedal_description/environment/ament_prefix_path.sh
[0.491s] -- Symlinking: /home/pa29/bipedal_project/install/bipedal_description/share/bipedal_description/environment/ament_prefix_path.dsv
[0.495s] -- Symlinking: /home/pa29/bipedal_project/install/bipedal_description/share/bipedal_description/environment/path.sh
[0.500s] -- Symlinking: /home/pa29/bipedal_project/install/bipedal_description/share/bipedal_description/environment/path.dsv
[0.504s] -- Symlinking: /home/pa29/bipedal_project/install/bipedal_description/share/bipedal_description/local_setup.bash
[0.509s] -- Symlinking: /home/pa29/bipedal_project/install/bipedal_description/share/bipedal_description/local_setup.sh
[0.514s] -- Symlinking: /home/pa29/bipedal_project/install/bipedal_description/share/bipedal_description/local_setup.zsh
[0.519s] -- Symlinking: /home/pa29/bipedal_project/install/bipedal_description/share/bipedal_description/local_setup.dsv
[0.523s] -- Symlinking: /home/pa29/bipedal_project/install/bipedal_description/share/bipedal_description/package.dsv
[0.527s] -- Symlinking: /home/pa29/bipedal_project/install/bipedal_description/share/ament_index/resource_index/packages/bipedal_description
[0.530s] -- Symlinking: /home/pa29/bipedal_project/install/bipedal_description/share/bipedal_description/cmake/bipedal_descriptionConfig.cmake
[0.535s] -- Symlinking: /home/pa29/bipedal_project/install/bipedal_description/share/bipedal_description/cmake/bipedal_descriptionConfig-version.cmake
[0.540s] -- Symlinking: /home/pa29/bipedal_project/install/bipedal_description/share/bipedal_description/package.xml
[0.545s] Invoked command in '/home/pa29/bipedal_project/build/bipedal_description' returned '0': CMAKE_PREFIX_PATH=${CMAKE_PREFIX_PATH}:/home/pa29/turtlebot3_ws/install/turtlebot3_teleop:/home/pa29/turtlebot3_ws/install/turtlebot3_example:/opt/ros/humble /usr/bin/cmake --install /home/pa29/bipedal_project/build/bipedal_description
